    Finished dev [unoptimized + debuginfo] target(s) in 0.00s
     Running `target/debug/minigrep`
Problem parsing arguments: Not enough arguments
